---
source: src/lib.rs
expression: hits
---
[
    [
        'F',
        'o',
        'o',
        ',',
        ' ',
        'b',
        'a',
        'r',
    ],
    [
        'B',
        'a',
        'z',
        '-',
        '2',
    ],
    [
        'Q',
        'u',
        'x',
        '!',
    ],
]
