---
source: src/matching/text.rs
expression: "text_match(&rtext.to_ref(), &qtext.to_ref())"
---
(
    [
        WordMatch {
            offset: 1,
            slice: (
                6,
                12,
            ),
            subslice: (
                0,
                5,
            ),
            typos: 0.5,
            func: false,
            fin: false,
        },
        WordMatch {
            offset: 3,
            slice: (
                19,
                26,
            ),
            subslice: (
                0,
                7,
            ),
            typos: 0.5,
            func: false,
            fin: true,
        },
    ],
    [
        WordMatch {
            offset: 1,
            slice: (
                4,
                11,
            ),
            subslice: (
                0,
                7,
            ),
            typos: 0.5,
            func: false,
            fin: true,
        },
        WordMatch {
            offset: 2,
            slice: (
                12,
                16,
            ),
            subslice: (
                0,
                4,
            ),
            typos: 0.5,
            func: false,
            fin: false,
        },
    ],
)
