---
source: src/matching/text.rs
expression: "text_match(&rtext.to_ref(), &qtext.to_ref())"
---
(
    [
        WordMatch {
            offset: 1,
            slice: (
                4,
                9,
            ),
            subslice: (
                0,
                3,
            ),
            typos: 0.0,
            func: false,
            fin: false,
        },
    ],
    [
        WordMatch {
            offset: 0,
            slice: (
                0,
                3,
            ),
            subslice: (
                0,
                3,
            ),
            typos: 0.0,
            func: true,
            fin: false,
        },
    ],
)
