---
source: src/matching/text.rs
expression: "text_match(&rtext.to_ref(), &qtext.to_ref())"
---
(
    [
        WordMatch {
            offset: 0,
            slice: (
                0,
                5,
            ),
            subslice: (
                0,
                5,
            ),
            typos: 0.7,
            func: false,
            fin: true,
        },
        WordMatch {
            offset: 1,
            slice: (
                6,
                13,
            ),
            subslice: (
                0,
                6,
            ),
            typos: 0.8,
            func: false,
            fin: false,
        },
    ],
    [
        WordMatch {
            offset: 0,
            slice: (
                0,
                11,
            ),
            subslice: (
                0,
                11,
            ),
            typos: 1.5,
            func: false,
            fin: false,
        },
    ],
)
