---
source: src/matching/word.rs
expression: "word_match(&rword, &qword, &rchars[..], &qchars[..])"
---
Some(
    WordMatch {
        query: MatchSide {
            ix: 0,
            len: 6,
            slice: (
                0,
                6,
            ),
            function: false,
        },
        record: MatchSide {
            ix: 0,
            len: 7,
            slice: (
                0,
                5,
            ),
            function: false,
        },
        typos: 1,
        fin: false,
    },
)
