---
source: src/matching/text.rs
expression: "text_match(&rtext.to_ref(), &qtext.to_ref())"
---
(
    [
        WordMatch {
            ix: 0,
            len: 5,
            slice: (
                0,
                5,
            ),
            typos: 0.7,
            func: false,
            fin: true,
        },
        WordMatch {
            ix: 1,
            len: 7,
            slice: (
                0,
                6,
            ),
            typos: 0.8,
            func: false,
            fin: false,
        },
    ],
    [
        WordMatch {
            ix: 0,
            len: 11,
            slice: (
                0,
                11,
            ),
            typos: 1.5,
            func: false,
            fin: false,
        },
    ],
)
