---
source: src/matching/text.rs
expression: "text_match(&rtext.to_ref(), &qtext.to_ref())"
---
(
    [
        WordMatch {
            offset: 0,
            slice: (
                0,
                2,
            ),
            subslice: (
                0,
                2,
            ),
            typos: 0.3,
            func: false,
            fin: true,
        },
        WordMatch {
            offset: 1,
            slice: (
                3,
                5,
            ),
            subslice: (
                0,
                2,
            ),
            typos: 0.2,
            func: false,
            fin: true,
        },
        WordMatch {
            offset: 2,
            slice: (
                6,
                12,
            ),
            subslice: (
                0,
                6,
            ),
            typos: 0.0,
            func: false,
            fin: true,
        },
    ],
    [
        WordMatch {
            offset: 0,
            slice: (
                0,
                4,
            ),
            subslice: (
                0,
                4,
            ),
            typos: 0.5,
            func: false,
            fin: true,
        },
        WordMatch {
            offset: 1,
            slice: (
                5,
                11,
            ),
            subslice: (
                0,
                6,
            ),
            typos: 0.0,
            func: false,
            fin: true,
        },
    ],
)
