---
source: src/matching/text.rs
expression: "text_match(&rtext.to_ref(), &qtext.to_ref())"
---
(
    [
        WordMatch {
            offset: 0,
            slice: (
                0,
                12,
            ),
            subslice: (
                0,
                12,
            ),
            typos: 1.5,
            func: false,
            fin: true,
        },
    ],
    [
        WordMatch {
            offset: 0,
            slice: (
                0,
                4,
            ),
            subslice: (
                0,
                4,
            ),
            typos: 0.6,
            func: false,
            fin: true,
        },
        WordMatch {
            offset: 1,
            slice: (
                5,
                12,
            ),
            subslice: (
                0,
                7,
            ),
            typos: 0.9,
            func: false,
            fin: true,
        },
    ],
)
