---
source: src/matching/text.rs
expression: "text_match(&rtext.to_ref(), &qtext.to_ref())"
---
(
    [
        WordMatch {
            ix: 1,
            len: 2,
            slice: (
                0,
                2,
            ),
            typos: 0.0,
            func: true,
            fin: true,
        },
    ],
    [
        WordMatch {
            ix: 0,
            len: 2,
            slice: (
                0,
                2,
            ),
            typos: 0.0,
            func: true,
            fin: true,
        },
    ],
)
