---
source: src/matching/word.rs
expression: "word_match(&rtext.view(0), &qtext.view(0))"
---
Some(
    (
        WordMatch {
            offset: 0,
            slice: (
                0,
                7,
            ),
            subslice: (
                0,
                5,
            ),
            typos: 1.0,
            func: false,
            fin: false,
        },
        WordMatch {
            offset: 0,
            slice: (
                0,
                4,
            ),
            subslice: (
                0,
                4,
            ),
            typos: 1.0,
            func: false,
            fin: false,
        },
    ),
)
