---
source: src/matching/text.rs
expression: "text_match(&rtext.to_ref(), &qtext.to_ref())"
---
(
    [
        WordMatch {
            offset: 0,
            slice: (
                0,
                6,
            ),
            subslice: (
                0,
                5,
            ),
            typos: 0.0,
            func: false,
            fin: false,
        },
    ],
    [
        WordMatch {
            offset: 0,
            slice: (
                0,
                5,
            ),
            subslice: (
                0,
                5,
            ),
            typos: 0.0,
            func: false,
            fin: false,
        },
    ],
)
