---
source: src/search/engine/mod.rs
expression: finder.hits
---
[
    Hit {
        id: 10,
        text: Text { "brown" "plush" "bear" },
        scores: Scores {
            matches: [],
            linear: [
                0,
                0,
                0,
                1,
                0,
            ],
        },
    },
    Hit {
        id: 20,
        text: Text { "metal" "detector" },
        scores: Scores {
            matches: [],
            linear: [
                0,
                0,
                0,
                1,
                0,
            ],
        },
    },
    Hit {
        id: 30,
        text: Text { "yellow" "metal" "mailbox" },
        scores: Scores {
            matches: [],
            linear: [
                0,
                0,
                0,
                1,
                0,
            ],
        },
    },
]
