---
source: src/search/engine/mod.rs
expression: finder.hits
---
[
    Hit {
        id: 20,
        text: Text { "metal" "detector" },
        scores: Scores {
            matches: [
                WordMatch { [rrrrr] /0/ [qqqqq] },
                WordMatch { [rrrrrrrr] /0/ [qqqqqqqq] },
            ],
            linear: [
                2,
                0,
                0,
                1,
                0,
            ],
        },
    },
    Hit {
        id: 30,
        text: Text { "yellow" "metal" "mailbox" },
        scores: Scores {
            matches: [
                WordMatch { [rrrrr] /0/ [qqqqq] },
            ],
            linear: [
                1,
                0,
                0,
                1,
                -1,
            ],
        },
    },
]
