---
source: src/search/engine/mod.rs
expression: finder.hits
---
[
    Hit {
        id: 30,
        text: Text { "yellow" "metal" "mailbox" },
        scores: Scores {
            matches: [
                WordMatch { [rrrrrrr] /0/ [qqqqqqq] },
            ],
            linear: [
                1,
                0,
                0,
                1,
                -2,
            ],
        },
    },
]
