---
source: src/tokenization/text.rs
expression: "(&text.source, &text.chars, &text.words[0])"
---
(
    [
        'C',
        'o',
        'n',
        'c',
        'e',
        'i',
        'ç',
        'ã',
        'o',
    ],
    [
        'C',
        'o',
        'n',
        'c',
        'e',
        'i',
        'c',
        'a',
        'o',
    ],
    WordShape {
        offset: 0,
        slice: (
            0,
            9,
        ),
        stem: 11,
        pos: None,
        fin: true,
    },
)
