---
source: src/tokenization/text.rs
expression: text.words
---
[
    WordShape {
        ix: 0,
        place: (
            1,
            4,
        ),
        stem: 5,
        pos: None,
        fin: true,
    },
    WordShape {
        ix: 1,
        place: (
            8,
            11,
        ),
        stem: 5,
        pos: None,
        fin: true,
    },
]
