---
source: src/tokenization/word_split.rs
expression: split
---
[
    WordShape {
        ix: 0,
        place: (
            1,
            4,
        ),
        stem: 3,
        pos: None,
        fin: true,
    },
    WordShape {
        ix: 1,
        place: (
            5,
            8,
        ),
        stem: 3,
        pos: None,
        fin: true,
    },
    WordShape {
        ix: 2,
        place: (
            10,
            13,
        ),
        stem: 3,
        pos: None,
        fin: true,
    },
]
