---
source: src/search/mod.rs
expression: results
---
[
    SearchResult {
        id: 40,
        title: "thesaurus",
    },
    SearchResult {
        id: 30,
        title: "yellow metal mailbox",
    },
    SearchResult {
        id: 20,
        title: "the metal detector",
    },
    SearchResult {
        id: 10,
        title: "brown plush bear",
    },
]
