---
source: src/search/mod.rs
expression: hits1
---
[
    Hit {
        id: 30,
        text: Text { "yellow" "metal" "mailbox" },
        scores: Scores {
            matches: [
                WordMatch { [rrrrrrr] /0/ [qqqqqqq] },
            ],
            typos: 0,
            offset: 2,
            trans: 0,
            fin: true,
        },
    },
]
